   Compiling proc-macro2 v1.0.107
   Compiling quote v1.0.47
   Compiling unicode-ident v1.0.24
   Compiling libc v0.2.189
   Compiling typenum v1.20.1
   Compiling cfg-if v1.0.4
   Compiling stable_deref_trait v1.2.1
   Compiling shlex v2.0.1
   Compiling find-msvc-tools v0.1.10
   Compiling version_check v0.9.5
   Compiling litemap v0.8.2
   Compiling writeable v0.6.3
   Compiling smallvec v1.15.2
   Compiling icu_properties_data v2.2.0
   Compiling icu_normalizer_data v2.2.0
   Compiling futures-core v0.3.33
   Compiling utf8_iter v1.0.4
   Compiling pin-project-lite v0.2.17
   Compiling scopeguard v1.2.0
   Compiling cmov v0.5.4
   Compiling zeroize v1.9.0
   Compiling parking_lot_core v0.9.12
   Compiling cc v1.4.2
   Compiling serde_core v1.0.229
   Compiling futures-sink v0.3.33
   Compiling lock_api v0.4.14
   Compiling crossbeam-utils v0.8.22
   Compiling untrusted v0.9.0
   Compiling autocfg v1.5.1
   Compiling rustls-pki-types v1.15.1
   Compiling zmij v1.0.23
   Compiling equivalent v1.0.2
   Compiling generic-array v0.14.9
   Compiling ctutils v0.4.2
   Compiling once_cell v1.21.4
   Compiling memchr v2.8.3
   Compiling time-core v0.1.9
   Compiling foldhash v0.2.0
   Compiling num-conv v0.2.2
   Compiling percent-encoding v2.3.2
   Compiling bytes v1.12.1
   Compiling allocator-api2 v0.2.21
   Compiling futures-io v0.3.33
   Compiling serde_json v1.0.151
   Compiling futures-task v0.3.33
   Compiling slab v0.4.12
   Compiling rustls v0.23.43
   Compiling serde v1.0.229
   Compiling thiserror v2.0.20
   Compiling num-traits v0.2.19
   Compiling time-macros v0.2.32
   Compiling futures-util v0.3.33
   Compiling hashbrown v0.16.1
   Compiling form_urlencoded v1.2.2
   Compiling tracing-core v0.1.36
   Compiling parking v2.2.1
   Compiling powerfmt v0.2.0
   Compiling getrandom v0.4.3
   Compiling getrandom v0.2.17
   Compiling mio v1.2.2
   Compiling hybrid-array v0.4.14
   Compiling socket2 v0.6.5
   Compiling cpufeatures v0.2.17
   Compiling syn v2.0.119
   Compiling syn v3.0.3
   Compiling crc-catalog v2.5.0
   Compiling vcpkg v0.2.15
   Compiling parking_lot v0.12.5
   Compiling tinyvec_macros v0.1.1
   Compiling hashbrown v0.17.1
   Compiling rand_core v0.10.1
   Compiling pkg-config v0.3.33
   Compiling deranged v0.5.8
   Compiling itoa v1.0.18
   Compiling subtle v2.6.1
   Compiling log v0.4.33
   Compiling crypto-common v0.2.2
   Compiling block-buffer v0.12.1
   Compiling block-buffer v0.10.4
   Compiling crypto-common v0.1.6
   Compiling futures-intrusive v0.5.0
   Compiling hashlink v0.11.1
   Compiling tinyvec v1.12.0
   Compiling crc v3.4.0
   Compiling digest v0.10.7
   Compiling crossbeam-queue v0.3.13
   Compiling ring v0.17.14
   Compiling event-listener v5.4.2
   Compiling libsqlite3-sys v0.30.1
   Compiling sha2 v0.10.9
   Compiling indexmap v2.14.0
   Compiling webpki-roots v1.0.9
   Compiling base64 v0.22.1
   Compiling uuid v1.24.0
   Compiling either v1.17.0
   Compiling unicode-normalization v0.1.25
   Compiling chacha20 v0.10.1
   Compiling cpufeatures v0.3.0
   Compiling spin v0.9.9
   Compiling time v0.3.55
   Compiling futures-channel v0.3.33
   Compiling unicode-properties v0.1.4
   Compiling unicode-bidi v0.3.18
   Compiling digest v0.11.3
   Compiling rand v0.10.2
   Compiling atoi v2.0.0
   Compiling flume v0.12.0
   Compiling bitflags v2.13.1
   Compiling hmac v0.13.0
   Compiling sha2 v0.11.0
   Compiling md-5 v0.11.0
   Compiling hex v0.4.3
   Compiling byteorder v1.5.0
   Compiling dotenvy v0.15.7
   Compiling stringprep v0.1.5
   Compiling hkdf v0.13.0
   Compiling whoami v2.1.2
   Compiling futures-executor v0.3.33
   Compiling displaydoc v0.2.7
   Compiling tokio-macros v2.7.2
   Compiling serde_derive v1.0.229
   Compiling thiserror-impl v2.0.20
   Compiling tokio v1.53.1
   Compiling synstructure v0.13.2
   Compiling zerovec-derive v0.11.3
   Compiling tracing-attributes v0.1.31
   Compiling zerofrom-derive v0.1.7
   Compiling yoke-derive v0.8.2
   Compiling zerofrom v0.1.8
   Compiling tracing v0.1.44
   Compiling yoke v0.8.3
   Compiling zerovec v0.11.6
   Compiling zerotrie v0.2.4
   Compiling rustls-webpki v0.103.13
   Compiling tinystr v0.8.3
   Compiling potential_utf v0.1.5
   Compiling icu_collections v2.2.0
   Compiling icu_locale_core v2.2.0
   Compiling icu_provider v2.2.0
   Compiling icu_properties v2.2.0
   Compiling icu_normalizer v2.2.0
   Compiling tokio-stream v0.1.19
   Compiling idna_adapter v1.2.2
   Compiling idna v1.1.0
   Compiling url v2.5.8
   Compiling sqlx-core v0.9.0
   Compiling sqlx-postgres v0.9.0
   Compiling sqlx-sqlite v0.9.0
   Compiling sqlx v0.9.0
   Compiling sqly v0.1.0 (/Users/bhelmkamp/p/lithoscomputer/sqly)
    Finished `test` profile [unoptimized + debuginfo] target(s) in 9.07s
────────────
 Nextest run ID 3c5b7037-0e46-4b11-8d0f-6094afba7173 with nextest profile: default
    Starting 21 tests across 4 binaries
        PASS [   0.011s] ( 1/21) sqly::postgres_lifecycle ambient_settings_child
        PASS [   0.012s] ( 2/21) sqly::core configuration_rejects_unknown_duplicate_and_invalid_options_without_echoing_credentials
        PASS [   0.014s] ( 3/21) sqly database::tests::keeper_loss_is_terminal
        PASS [   0.014s] ( 4/21) sqly::postgres_lifecycle ambient_settings_are_rejected_in_an_isolated_process
        PASS [   0.014s] ( 5/21) sqly::postgres_lifecycle tls_does_not_silently_fall_back_to_plaintext
        PASS [   0.015s] ( 6/21) sqly database::tests::cancelled_statement_replaces_connection_without_losing_data
        PASS [   0.014s] ( 7/21) sqly database::tests::keeper_preserves_data_after_query_connection_replacement
        PASS [   0.015s] ( 8/21) sqly::core memory_instances_are_isolated_and_require_one_query_connection
        PASS [   0.015s] ( 9/21) sqly::core behavior::sqlite::optional_value_integrations
        PASS [   0.015s] (10/21) sqly::core behavior::sqlite::row_and_encoding_errors
        PASS [   0.015s] (11/21) sqly::core behavior::sqlite::parameter_contract
        PASS [   0.017s] (12/21) sqly::core behavior::sqlite::crud_and_constraints
        PASS [   0.010s] (13/21) sqly::sqlite_storage invalid_sqlite_boolean_is_a_decode_error
        PASS [   0.009s] (14/21) sqly::sqlite_storage timestamp_storage_is_fixed_width_and_orders_instants
        PASS [   0.014s] (15/21) sqly::sqlite_storage file_creation_wal_and_read_only_are_explicit
        PASS [   0.059s] (16/21) sqly database::tests::cancelled_close_retains_keeper_until_pool_is_drained
        PASS [   0.098s] (17/21) sqly::core behavior::postgres::row_and_encoding_errors
        PASS [   0.099s] (18/21) sqly::core behavior::postgres::optional_value_integrations
        PASS [   0.102s] (19/21) sqly::core behavior::postgres::parameter_contract
        PASS [   0.129s] (20/21) sqly::postgres_lifecycle cancellation_discards_the_busy_connection_and_allows_reuse
        PASS [   0.248s] (21/21) sqly::core behavior::postgres::crud_and_constraints
────────────
     Summary [   0.248s] 21 tests run: 21 passed, 0 skipped
   Compiling form_urlencoded v1.2.2
   Compiling url v2.5.8
   Compiling sqlx-core v0.9.0
   Compiling sqlx-postgres v0.9.0
   Compiling sqlx v0.9.0
   Compiling sqly v0.1.0 (/Users/bhelmkamp/p/lithoscomputer/sqly)
    Finished `test` profile [unoptimized + debuginfo] target(s) in 3.55s
────────────
 Nextest run ID 92290e60-4e30-4316-aab6-d9cb94bae6b7 with nextest profile: default
    Starting 10 tests across 4 binaries
        PASS [   0.010s] ( 1/10) sqly::postgres_lifecycle ambient_settings_child
        PASS [   0.010s] ( 2/10) sqly::core disabled_sqlite_fails_before_connection
        PASS [   0.011s] ( 3/10) sqly::core configuration_rejects_unknown_duplicate_and_invalid_options_without_echoing_credentials
        PASS [   0.013s] ( 4/10) sqly::postgres_lifecycle ambient_settings_are_rejected_in_an_isolated_process
        PASS [   0.013s] ( 5/10) sqly::postgres_lifecycle tls_does_not_silently_fall_back_to_plaintext
        PASS [   0.096s] ( 6/10) sqly::core behavior::postgres::optional_value_integrations
        PASS [   0.097s] ( 7/10) sqly::core behavior::postgres::row_and_encoding_errors
        PASS [   0.101s] ( 8/10) sqly::core behavior::postgres::parameter_contract
        PASS [   0.127s] ( 9/10) sqly::postgres_lifecycle cancellation_discards_the_busy_connection_and_allows_reuse
        PASS [   0.235s] (10/10) sqly::core behavior::postgres::crud_and_constraints
────────────
     Summary [   0.236s] 10 tests run: 10 passed, 0 skipped
   Compiling typenum v1.20.1
   Compiling generic-array v0.14.9
   Compiling crypto-common v0.1.6
   Compiling block-buffer v0.10.4
   Compiling digest v0.10.7
   Compiling sha2 v0.10.9
   Compiling sqlx-core v0.9.0
   Compiling sqlx-sqlite v0.9.0
   Compiling sqlx v0.9.0
   Compiling sqly v0.1.0 (/Users/bhelmkamp/p/lithoscomputer/sqly)
    Finished `test` profile [unoptimized + debuginfo] target(s) in 3.21s
────────────
 Nextest run ID addd940b-f913-4de7-839f-9d9a919a12f8 with nextest profile: default
    Starting 14 tests across 4 binaries
        PASS [   0.011s] ( 1/14) sqly::core configuration_rejects_unknown_duplicate_and_invalid_options_without_echoing_credentials
        PASS [   0.011s] ( 2/14) sqly::core disabled_postgres_fails_before_connection
        PASS [   0.012s] ( 3/14) sqly database::tests::keeper_loss_is_terminal
        PASS [   0.012s] ( 4/14) sqly::sqlite_storage invalid_sqlite_boolean_is_a_decode_error
        PASS [   0.013s] ( 5/14) sqly database::tests::cancelled_statement_replaces_connection_without_losing_data
        PASS [   0.013s] ( 6/14) sqly database::tests::keeper_preserves_data_after_query_connection_replacement
        PASS [   0.013s] ( 7/14) sqly::sqlite_storage timestamp_storage_is_fixed_width_and_orders_instants
        PASS [   0.013s] ( 8/14) sqly::core behavior::sqlite::optional_value_integrations
        PASS [   0.014s] ( 9/14) sqly::core behavior::sqlite::row_and_encoding_errors
        PASS [   0.014s] (10/14) sqly::core memory_instances_are_isolated_and_require_one_query_connection
        PASS [   0.014s] (11/14) sqly::core behavior::sqlite::parameter_contract
        PASS [   0.015s] (12/14) sqly::core behavior::sqlite::crud_and_constraints
        PASS [   0.015s] (13/14) sqly::sqlite_storage file_creation_wal_and_read_only_are_explicit
        PASS [   0.057s] (14/14) sqly database::tests::cancelled_close_retains_keeper_until_pool_is_drained
────────────
     Summary [   0.057s] 14 tests run: 14 passed, 0 skipped
   Compiling crypto-common v0.1.6
   Compiling digest v0.10.7
   Compiling sha2 v0.10.9
   Compiling sqlx-core v0.9.0
   Compiling sqlx v0.9.0
   Compiling sqly v0.1.0 (/Users/bhelmkamp/p/lithoscomputer/sqly)
    Finished `test` profile [unoptimized + debuginfo] target(s) in 1.34s
────────────
 Nextest run ID 6eeebdf3-1a43-4095-a90d-93f17e05beb5 with nextest profile: default
    Starting 3 tests across 4 binaries
        PASS [   0.007s] (1/3) sqly::core disabled_sqlite_fails_before_connection
        PASS [   0.007s] (2/3) sqly::core disabled_postgres_fails_before_connection
        PASS [   0.008s] (3/3) sqly::core configuration_rejects_unknown_duplicate_and_invalid_options_without_echoing_credentials
────────────
     Summary [   0.008s] 3 tests run: 3 passed, 0 skipped
