     Locking 3 packages to latest Rust 1.94 compatible versions
      Adding async-stream v0.3.6
      Adding async-stream-impl v0.3.6
      Adding sqly v0.1.0 (/Users/bhelmkamp/p/lithoscomputer/sqly)
   Compiling proc-macro2 v1.0.107
   Compiling unicode-ident v1.0.24
   Compiling quote v1.0.47
   Compiling libc v0.2.189
   Compiling cfg-if v1.0.4
   Compiling stable_deref_trait v1.2.1
   Compiling find-msvc-tools v0.1.10
   Compiling typenum v1.20.1
   Compiling shlex v2.0.1
   Compiling litemap v0.8.2
   Compiling pin-project-lite v0.2.17
   Compiling writeable v0.6.3
   Compiling futures-core v0.3.33
   Compiling icu_normalizer_data v2.2.0
   Compiling serde_core v1.0.229
   Compiling utf8_iter v1.0.4
   Compiling icu_properties_data v2.2.0
   Compiling serde v1.0.229
   Compiling parking_lot_core v0.9.12
   Compiling memchr v2.8.3
   Compiling scopeguard v1.2.0
   Compiling cc v1.4.2
   Compiling version_check v0.9.5
   Compiling futures-sink v0.3.33
   Compiling zmij v1.0.23
   Compiling lock_api v0.4.14
   Compiling serde_json v1.0.151
   Compiling zeroize v1.9.0
   Compiling bytes v1.12.1
   Compiling slab v0.4.12
   Compiling futures-task v0.3.33
   Compiling futures-io v0.3.33
   Compiling rustls-pki-types v1.15.1
   Compiling time-core v0.1.9
   Compiling equivalent v1.0.2
   Compiling once_cell v1.21.4
   Compiling itoa v1.0.18
   Compiling percent-encoding v2.3.2
   Compiling untrusted v0.9.0
   Compiling num-conv v0.2.2
   Compiling rand_core v0.10.1
   Compiling crossbeam-utils v0.8.22
   Compiling getrandom v0.4.3
   Compiling form_urlencoded v1.2.2
   Compiling time-macros v0.2.32
   Compiling allocator-api2 v0.2.21
   Compiling smallvec v1.15.2
   Compiling rustls v0.23.43
   Compiling generic-array v0.14.9
   Compiling pkg-config v0.3.33
   Compiling vcpkg v0.2.15
   Compiling powerfmt v0.2.0
   Compiling autocfg v1.5.1
   Compiling cmov v0.5.4
   Compiling foldhash v0.2.0
   Compiling deranged v0.5.8
   Compiling tracing-core v0.1.36
   Compiling parking v2.2.1
   Compiling ctutils v0.4.2
   Compiling crc-catalog v2.5.0
   Compiling hashbrown v0.16.1
   Compiling subtle v2.6.1
   Compiling hashbrown v0.17.1
   Compiling num-traits v0.2.19
   Compiling log v0.4.33
   Compiling crc v3.4.0
   Compiling event-listener v5.4.2
   Compiling syn v3.0.3
   Compiling syn v2.0.119
   Compiling webpki-roots v1.0.9
   Compiling base64 v0.22.1
   Compiling mio v1.2.2
   Compiling socket2 v0.6.5
   Compiling getrandom v0.2.17
   Compiling cpufeatures v0.2.17
   Compiling crossbeam-queue v0.3.13
   Compiling tinyvec_macros v0.1.1
   Compiling thiserror v2.0.20
   Compiling hybrid-array v0.4.14
   Compiling tinyvec v1.12.0
   Compiling futures-util v0.3.33
   Compiling futures-channel v0.3.33
   Compiling indexmap v2.14.0
   Compiling hashlink v0.11.1
   Compiling tokio v1.53.1
   Compiling unicode-normalization v0.1.25
   Compiling ring v0.17.14
   Compiling libsqlite3-sys v0.30.1
   Compiling cpufeatures v0.3.0
   Compiling chacha20 v0.10.1
   Compiling spin v0.9.9
   Compiling unicode-bidi v0.3.18
   Compiling crypto-common v0.1.6
   Compiling block-buffer v0.10.4
   Compiling time v0.3.55
   Compiling uuid v1.24.0
   Compiling unicode-properties v0.1.4
   Compiling digest v0.10.7
   Compiling rand v0.10.2
   Compiling block-buffer v0.12.1
   Compiling crypto-common v0.2.2
   Compiling sha2 v0.10.9
   Compiling flume v0.12.0
   Compiling atoi v2.0.0
   Compiling parking_lot v0.12.5
   Compiling dotenvy v0.15.7
   Compiling byteorder v1.5.0
   Compiling stringprep v0.1.5
   Compiling bitflags v2.13.1
   Compiling whoami v2.1.2
   Compiling hex v0.4.3
   Compiling futures-intrusive v0.5.0
   Compiling either v1.17.0
   Compiling heck v0.5.0
   Compiling digest v0.11.3
   Compiling hmac v0.13.0
   Compiling md-5 v0.11.0
   Compiling sha2 v0.11.0
   Compiling hkdf v0.13.0
   Compiling displaydoc v0.2.7
   Compiling serde_derive v1.0.229
   Compiling thiserror-impl v2.0.20
   Compiling tokio-macros v2.7.2
   Compiling futures-executor v0.3.33
   Compiling synstructure v0.13.2
   Compiling zerovec-derive v0.11.3
   Compiling tracing-attributes v0.1.31
   Compiling async-stream-impl v0.3.6
   Compiling zerofrom-derive v0.1.7
   Compiling yoke-derive v0.8.2
   Compiling rustls-webpki v0.103.13
   Compiling tokio-stream v0.1.19
   Compiling async-stream v0.3.6
   Compiling zerofrom v0.1.8
   Compiling yoke v0.8.3
   Compiling zerotrie v0.2.4
   Compiling tracing v0.1.44
   Compiling zerovec v0.11.6
   Compiling common v0.1.0 (/tmp/sqly-conveyor-integration/crates/foundation/common)
   Compiling tinystr v0.8.3
   Compiling potential_utf v0.1.5
   Compiling icu_collections v2.2.0
   Compiling icu_locale_core v2.2.0
   Compiling icu_provider v2.2.0
   Compiling icu_properties v2.2.0
   Compiling icu_normalizer v2.2.0
   Compiling idna_adapter v1.2.2
   Compiling idna v1.1.0
   Compiling url v2.5.8
   Compiling sqlx-core v0.9.0
   Compiling sqlx-postgres v0.9.0
   Compiling sqlx-sqlite v0.9.0
   Compiling sqlx-macros-core v0.9.0
   Compiling sqlx-macros v0.9.0
   Compiling sqlx v0.9.0
   Compiling persistence v0.1.0 (/tmp/sqly-conveyor-integration/crates/components/persistence)
   Compiling sqly v0.1.0 (/Users/bhelmkamp/p/lithoscomputer/sqly)
   Compiling schema v0.1.0 (/tmp/sqly-conveyor-integration/crates/schema)
   Compiling sqly-conveyor-adoption-probe v0.0.0 (/Users/bhelmkamp/p/lithoscomputer/sqly/.ai/validation/conveyor-adoption)
    Finished `test` profile [unoptimized + debuginfo] target(s) in 20.08s
     Running unittests src/lib.rs (.ai/validation/conveyor-adoption/target/debug/deps/sqly_conveyor_adoption_probe-0d509f366b407e51)

running 2 tests
test tests::sqlite_existing_conveyor_database ... ok
test tests::postgres_existing_conveyor_database ... ok

test result: ok. 2 passed; 0 failed; 0 ignored; 0 measured; 0 filtered out; finished in 0.24s

   Doc-tests sqly_conveyor_adoption_probe

running 0 tests

test result: ok. 0 passed; 0 failed; 0 ignored; 0 measured; 0 filtered out; finished in 0.00s

